#-----------------------------------------------------------
# Vivado v2016.3 (64-bit)
# SW Build 1682563 on Mon Oct 10 19:07:27 MDT 2016
# IP Build 1681267 on Mon Oct 10 21:28:31 MDT 2016
# Start of session at: Sat Jun 10 21:17:16 2017
# Process ID: 18104
# Current directory: C:/Users/freedom/Desktop/Single_Clock_Cycle_CPU/CPU_showALUres
# Command line: vivado.exe -gui_launcher_event rodinguilauncherevent10964 C:\Users\freedom\Desktop\Single_Clock_Cycle_CPU\CPU_showALUres\CPU1.xpr
# Log file: C:/Users/freedom/Desktop/Single_Clock_Cycle_CPU/CPU_showALUres/vivado.log
# Journal file: C:/Users/freedom/Desktop/Single_Clock_Cycle_CPU/CPU_showALUres\vivado.jou
#-----------------------------------------------------------
start_gui
open_project C:/Users/freedom/Desktop/Single_Clock_Cycle_CPU/CPU_showALUres/CPU1.xpr
generate_target Simulation [get_files C:/Users/freedom/Desktop/Single_Clock_Cycle_CPU/CPU_showALUres/CPU1.srcs/sources_1/ip/dram/dram.xci]
export_ip_user_files -of_objects [get_files C:/Users/freedom/Desktop/Single_Clock_Cycle_CPU/CPU_showALUres/CPU1.srcs/sources_1/ip/dram/dram.xci] -no_script -force -quiet
generate_target Simulation [get_files C:/Users/freedom/Desktop/Single_Clock_Cycle_CPU/CPU_showALUres/CPU1.srcs/sources_1/ip/dist_mem_gen_0/dist_mem_gen_0.xci]
export_ip_user_files -of_objects [get_files C:/Users/freedom/Desktop/Single_Clock_Cycle_CPU/CPU_showALUres/CPU1.srcs/sources_1/ip/dist_mem_gen_0/dist_mem_gen_0.xci] -no_script -force -quiet
launch_simulation
reset_run dram_synth_1
reset_run dist_mem_gen_0_synth_1
reset_run synth_1
launch_runs synth_1 -jobs 4
wait_on_run synth_1
reset_run synth_1
launch_runs synth_1 -jobs 4
wait_on_run synth_1
launch_runs impl_1 -jobs 4
wait_on_run impl_1
launch_simulation
open_wave_config C:/Users/freedom/Desktop/Single_Clock_Cycle_CPU/CPU_showALUres/topsim_behav.wcfg
source topsim.tcl
open_run impl_1
close_sim
