#-----------------------------------------------------------
# Vivado v2016.3 (64-bit)
# SW Build 1682563 on Mon Oct 10 19:07:27 MDT 2016
# IP Build 1681267 on Mon Oct 10 21:28:31 MDT 2016
# Start of session at: Fri Jun 16 09:09:42 2017
# Process ID: 5912
# Current directory: C:/Users/freedom/Desktop/Single_Clock_Cycle_CPU/CPU_showALUres
# Command line: vivado.exe -gui_launcher_event rodinguilauncherevent10184 C:\Users\freedom\Desktop\Single_Clock_Cycle_CPU\CPU_showALUres\CPU1.xpr
# Log file: C:/Users/freedom/Desktop/Single_Clock_Cycle_CPU/CPU_showALUres/vivado.log
# Journal file: C:/Users/freedom/Desktop/Single_Clock_Cycle_CPU/CPU_showALUres\vivado.jou
#-----------------------------------------------------------
start_gui
open_project C:/Users/freedom/Desktop/Single_Clock_Cycle_CPU/CPU_showALUres/CPU1.xpr
set_property -dict [list CONFIG.coefficient_file {C:/Users/freedom/Desktop/Single_Clock_Cycle_CPU/CPU_showALUres/ROM.coe}] [get_ips irom]
reset_run synth_1
launch_runs synth_1 -jobs 4
wait_on_run synth_1
launch_simulation
open_wave_config C:/Users/freedom/Desktop/Single_Clock_Cycle_CPU/CPU_showALUres/topsim_behav.wcfg
source topsim.tcl
run 200 ns
run 200 ns
run all
close_sim
launch_simulation
open_wave_config C:/Users/freedom/Desktop/Single_Clock_Cycle_CPU/CPU_showALUres/topsim_behav.wcfg
source topsim.tcl
run all
save_wave_config {C:/Users/freedom/Desktop/Single_Clock_Cycle_CPU/CPU_showALUres/topsim_behav.wcfg}
close_sim
